
=== PRE-2: xi = D(jh3) vs eta = D(jh4) in gamma_4(Q) ===
Qgrp read. NumberOfGenerators(Qgrp) = 40 (expect 40)
Image(epi) = Qgrp? true
own_measurement: |Q| = 6366805760909027985741435139224001
own_measurement: |Q| = 7^40 ? true
own_measurement: length(LCS) = 5 (expect 5)
own_measurement: |gamma_4(Q)| = 558545864083284007
own_measurement: |gamma_5(Q)| = 1 (expect 1)
own_measurement: dim_F7 gamma_4(Q) = 21 (expect 21)
own_measurement: gamma_4(Q) elementary abelian (exponent 7)? true
epiGens generate Qgrp? true
rhoQ well-defined? true
own_measurement: rhoQ^5 = id? true
j(h4) = identity in Q? false (expect false)
j(h3) = identity in Q? false (expect false)

--- eta = D(jh4) ---
eta = 1 ? false (expect false, per NW-P5 / driver_step3 t=1 case)
eta in gamma_4(Q)? true

--- xi = D(jh3) ---
xi = 1 ? false (driver_step3 recorded: false)
xi in gamma_4(Q)? true

Pcgs(gamma_4(Q)) length = 21 (expect 21)
eta exponent vector (F_7^21): [ 0, 0, 2, 0, 0, 2, 5, 3, 5, 5, 5, 2, 0, 0, 0, 0, 0, 0, 0, 0, 0 ]
xi  exponent vector (F_7^21): [ 0, 0, 5, 4, 0, 1, 6, 1, 3, 6, 6, 5, 0, 0, 0, 0, 0, 0, 0, 0, 0 ]
first nonzero coord of eta: index 3, value 2
candidate scalar k (xi =? k*eta), k = 6 (mod 7)
xi == k*eta (mod 7) coordinatewise for all 21 coords? false
RankMat([eta;xi]) over GF(7) = 2 (expect 1 iff proportional; eta<>0 so rank>=1)

=== BRANCH DECISION (B-2) ===
xi NOT in F_7*eta  ->  BRANCH B-2b : |pent(m)| = 1 (each non-empty layer), total 6

PRE2_RESULT branch=B-2b k=6 rank=2 eta_i0=3
PRE2_DONE
