Loaded 36 g3_records windows from search/certs/sg_band_sweep_20260806.json
Processing shard range [ 19, 27 ] -> 9 windows
Syntax warning: Unbound global variable in search/probe/sg_band_sweep/sg_g4_orb_driver_v1.g:227
    remaining := Filtered(remaining, x -> not (x in orb));;
                                                    ^^^
Syntax warning: Unbound global variable in search/probe/sg_band_sweep/sg_g4_orb_driver_v1.g:234
  regularOk := ForAll(orbits, o -> Length(o) = autOrder);;
                                               ^^^^^^^^
Syntax warning: Unbound global variable in search/probe/sg_band_sweep/sg_g4_orb_driver_v1.g:242
    reflexible := ForAny(A, alpha -> Image(alpha,r) = r^-1 and Image(alpha,s) = s^-1);;
                                                 ^
Syntax warning: Unbound global variable in search/probe/sg_band_sweep/sg_g4_orb_driver_v1.g:242
    reflexible := ForAny(A, alpha -> Image(alpha,r) = r^-1 and Image(alpha,s) = s^-1);;
                                                      ^
Syntax warning: Unbound global variable in search/probe/sg_band_sweep/sg_g4_orb_driver_v1.g:242
    reflexible := ForAny(A, alpha -> Image(alpha,r) = r^-1 and Image(alpha,s) = s^-1);;
                                                                           ^
Syntax warning: Unbound global variable in search/probe/sg_band_sweep/sg_g4_orb_driver_v1.g:242
    reflexible := ForAny(A, alpha -> Image(alpha,r) = r^-1 and Image(alpha,s) = s^-1);;
                                                                                ^

=== G4 window (1296,755) ===
  entry gate OK
  |M| = 23328
  |Aut(Ghat)| = 23328
  num_orbits = 1 (sizes: [ 23328 ])
  regularity check (all orbit sizes = |Aut|): true
    orbit 1: size=23328 reflexible=true nu->orbit 1

=== G4 window (1296,764) ===
  entry gate OK
  |M| = 7776
  |Aut(Ghat)| = 7776
  num_orbits = 1 (sizes: [ 7776 ])
  regularity check (all orbit sizes = |Aut|): true
    orbit 1: size=7776 reflexible=true nu->orbit 1

=== G4 window (1296,2889) ===
  entry gate OK
  |M| = 7776
  |Aut(Ghat)| = 3888
  num_orbits = 2 (sizes: [ 3888, 3888 ])
  regularity check (all orbit sizes = |Aut|): true
    orbit 1: size=3888 reflexible=false nu->orbit 2
    orbit 2: size=3888 reflexible=false nu->orbit 1

=== G4 window (1296,3082) ===
  entry gate OK
  |M| = 2592
  |Aut(Ghat)| = 2592
  num_orbits = 1 (sizes: [ 2592 ])
  regularity check (all orbit sizes = |Aut|): true
    orbit 1: size=2592 reflexible=true nu->orbit 1

=== G4 window (1296,3487) ===
  entry gate OK
  |M| = 1728
  |Aut(Ghat)| = 864
  num_orbits = 2 (sizes: [ 864, 864 ])
  regularity check (all orbit sizes = |Aut|): true
    orbit 1: size=864 reflexible=false nu->orbit 2
    orbit 2: size=864 reflexible=false nu->orbit 1

=== G4 window (1728,2815) ===
  entry gate OK
  |M| = 6912
  |Aut(Ghat)| = 6912
  num_orbits = 1 (sizes: [ 6912 ])
  regularity check (all orbit sizes = |Aut|): true
    orbit 1: size=6912 reflexible=true nu->orbit 1

=== G4 window (1728,2892) ===
  entry gate OK
  |M| = 41472
  |Aut(Ghat)| = 41472
  num_orbits = 1 (sizes: [ 41472 ])
  regularity check (all orbit sizes = |Aut|): true
    orbit 1: size=41472 reflexible=true nu->orbit 1

=== G4 window (1728,30092) ===
  entry gate OK
  |M| = 10368
  |Aut(Ghat)| = 10368
  num_orbits = 1 (sizes: [ 10368 ])
  regularity check (all orbit sizes = |Aut|): true
    orbit 1: size=10368 reflexible=true nu->orbit 1

=== G4 window (1728,30101) ===
  entry gate OK
  |M| = 10368
  |Aut(Ghat)| = 10368
  num_orbits = 1 (sizes: [ 10368 ])
  regularity check (all orbit sizes = |Aut|): true
    orbit 1: size=10368 reflexible=true nu->orbit 1

=== G4 summary ===
windows processed: 9 / 9
HANDOFF_MISMATCHES: 0

=== G5 classification ===
  (1296,755): K=1 reflexible=1 chiral_pairs=0 involution_ok=true class=isolated_self_mirror_no_twin exotic_pairs=0
  (1296,764): K=1 reflexible=1 chiral_pairs=0 involution_ok=true class=isolated_self_mirror_no_twin exotic_pairs=0
  (1296,2889): K=2 reflexible=0 chiral_pairs=1 involution_ok=true class=single_mirror_pair_non_exotic exotic_pairs=0
  (1296,3082): K=1 reflexible=1 chiral_pairs=0 involution_ok=true class=isolated_self_mirror_no_twin exotic_pairs=0
  (1296,3487): K=2 reflexible=0 chiral_pairs=1 involution_ok=true class=single_mirror_pair_non_exotic exotic_pairs=0
  (1728,2815): K=1 reflexible=1 chiral_pairs=0 involution_ok=true class=isolated_self_mirror_no_twin exotic_pairs=0
  (1728,2892): K=1 reflexible=1 chiral_pairs=0 involution_ok=true class=isolated_self_mirror_no_twin exotic_pairs=0
  (1728,30092): K=1 reflexible=1 chiral_pairs=0 involution_ok=true class=isolated_self_mirror_no_twin exotic_pairs=0
  (1728,30101): K=1 reflexible=1 chiral_pairs=0 involution_ok=true class=isolated_self_mirror_no_twin exotic_pairs=0

=== G5 alerts (non-standard structure) ===
count: 0
Wrote search/certs/sg_g4_g5_orb_20260806_shard3.json

W6_SG_G4_G5_DONE
