Loaded 36 g3_records windows from search/certs/sg_band_sweep_20260806.json
Processing shard range [ 28, 36 ] -> 9 windows
Syntax warning: Unbound global variable in search/probe/sg_band_sweep/sg_g4_orb_driver_v1.g:227
    remaining := Filtered(remaining, x -> not (x in orb));;
                                                    ^^^
Syntax warning: Unbound global variable in search/probe/sg_band_sweep/sg_g4_orb_driver_v1.g:234
  regularOk := ForAll(orbits, o -> Length(o) = autOrder);;
                                               ^^^^^^^^
Syntax warning: Unbound global variable in search/probe/sg_band_sweep/sg_g4_orb_driver_v1.g:242
    reflexible := ForAny(A, alpha -> Image(alpha,r) = r^-1 and Image(alpha,s) = s^-1);;
                                                 ^
Syntax warning: Unbound global variable in search/probe/sg_band_sweep/sg_g4_orb_driver_v1.g:242
    reflexible := ForAny(A, alpha -> Image(alpha,r) = r^-1 and Image(alpha,s) = s^-1);;
                                                      ^
Syntax warning: Unbound global variable in search/probe/sg_band_sweep/sg_g4_orb_driver_v1.g:242
    reflexible := ForAny(A, alpha -> Image(alpha,r) = r^-1 and Image(alpha,s) = s^-1);;
                                                                           ^
Syntax warning: Unbound global variable in search/probe/sg_band_sweep/sg_g4_orb_driver_v1.g:242
    reflexible := ForAny(A, alpha -> Image(alpha,r) = r^-1 and Image(alpha,s) = s^-1);;
                                                                                ^

=== G4 window (1728,30106) ===
  entry gate OK
  |M| = 10368
  |Aut(Ghat)| = 10368
  num_orbits = 1 (sizes: [ 10368 ])
  regularity check (all orbit sizes = |Aut|): true
    orbit 1: size=10368 reflexible=true nu->orbit 1

=== G4 window (1728,31096) ===
  entry gate OK
  |M| = 6912
  |Aut(Ghat)| = 3456
  num_orbits = 2 (sizes: [ 3456, 3456 ])
  regularity check (all orbit sizes = |Aut|): true
    orbit 1: size=3456 reflexible=false nu->orbit 2
    orbit 2: size=3456 reflexible=false nu->orbit 1

=== G4 window (1152,154124) ===
  entry gate OK
  |M| = 3072
  |Aut(Ghat)| = 3072
  num_orbits = 1 (sizes: [ 3072 ])
  regularity check (all orbit sizes = |Aut|): true
    orbit 1: size=3072 reflexible=true nu->orbit 1

=== G4 window (1152,154126) ===
  entry gate OK
  |M| = 1536
  |Aut(Ghat)| = 1536
  num_orbits = 1 (sizes: [ 1536 ])
  regularity check (all orbit sizes = |Aut|): true
    orbit 1: size=1536 reflexible=true nu->orbit 1

=== G4 window (1152,154158) ===
  entry gate OK
  |M| = 36864
  |Aut(Ghat)| = 36864
  num_orbits = 1 (sizes: [ 36864 ])
  regularity check (all orbit sizes = |Aut|): true
    orbit 1: size=36864 reflexible=true nu->orbit 1

=== G4 window (1152,154161) ===
  entry gate OK
  |M| = 4608
  |Aut(Ghat)| = 4608
  num_orbits = 1 (sizes: [ 4608 ])
  regularity check (all orbit sizes = |Aut|): true
    orbit 1: size=4608 reflexible=true nu->orbit 1

=== G4 window (1152,155452) ===
  entry gate OK
  |M| = 4608
  |Aut(Ghat)| = 4608
  num_orbits = 1 (sizes: [ 4608 ])
  regularity check (all orbit sizes = |Aut|): true
    orbit 1: size=4608 reflexible=true nu->orbit 1

=== G4 window (1152,155454) ===
  entry gate OK
  |M| = 9216
  |Aut(Ghat)| = 9216
  num_orbits = 1 (sizes: [ 9216 ])
  regularity check (all orbit sizes = |Aut|): true
    orbit 1: size=9216 reflexible=true nu->orbit 1

=== G4 window (1152,155457) ===
  entry gate OK
  |M| = 2304
  |Aut(Ghat)| = 2304
  num_orbits = 1 (sizes: [ 2304 ])
  regularity check (all orbit sizes = |Aut|): true
    orbit 1: size=2304 reflexible=true nu->orbit 1

=== G4 summary ===
windows processed: 9 / 9
HANDOFF_MISMATCHES: 0

=== G5 classification ===
  (1728,30106): K=1 reflexible=1 chiral_pairs=0 involution_ok=true class=isolated_self_mirror_no_twin exotic_pairs=0
  (1728,31096): K=2 reflexible=0 chiral_pairs=1 involution_ok=true class=single_mirror_pair_non_exotic exotic_pairs=0
  (1152,154124): K=1 reflexible=1 chiral_pairs=0 involution_ok=true class=isolated_self_mirror_no_twin exotic_pairs=0
  (1152,154126): K=1 reflexible=1 chiral_pairs=0 involution_ok=true class=isolated_self_mirror_no_twin exotic_pairs=0
  (1152,154158): K=1 reflexible=1 chiral_pairs=0 involution_ok=true class=isolated_self_mirror_no_twin exotic_pairs=0
  (1152,154161): K=1 reflexible=1 chiral_pairs=0 involution_ok=true class=isolated_self_mirror_no_twin exotic_pairs=0
  (1152,155452): K=1 reflexible=1 chiral_pairs=0 involution_ok=true class=isolated_self_mirror_no_twin exotic_pairs=0
  (1152,155454): K=1 reflexible=1 chiral_pairs=0 involution_ok=true class=isolated_self_mirror_no_twin exotic_pairs=0
  (1152,155457): K=1 reflexible=1 chiral_pairs=0 involution_ok=true class=isolated_self_mirror_no_twin exotic_pairs=0

=== G5 alerts (non-standard structure) ===
count: 0
Wrote search/certs/sg_g4_g5_orb_20260806_shard4.json

W6_SG_G4_G5_DONE
