Loaded 36 g3_records windows from search/certs/sg_band_sweep_20260806.json
Processing shard range [ 10, 18 ] -> 9 windows
Syntax warning: Unbound global variable in search/probe/sg_band_sweep/sg_g4_orb_driver_v1.g:227
    remaining := Filtered(remaining, x -> not (x in orb));;
                                                    ^^^
Syntax warning: Unbound global variable in search/probe/sg_band_sweep/sg_g4_orb_driver_v1.g:234
  regularOk := ForAll(orbits, o -> Length(o) = autOrder);;
                                               ^^^^^^^^
Syntax warning: Unbound global variable in search/probe/sg_band_sweep/sg_g4_orb_driver_v1.g:242
    reflexible := ForAny(A, alpha -> Image(alpha,r) = r^-1 and Image(alpha,s) = s^-1);;
                                                 ^
Syntax warning: Unbound global variable in search/probe/sg_band_sweep/sg_g4_orb_driver_v1.g:242
    reflexible := ForAny(A, alpha -> Image(alpha,r) = r^-1 and Image(alpha,s) = s^-1);;
                                                      ^
Syntax warning: Unbound global variable in search/probe/sg_band_sweep/sg_g4_orb_driver_v1.g:242
    reflexible := ForAny(A, alpha -> Image(alpha,r) = r^-1 and Image(alpha,s) = s^-1);;
                                                                           ^
Syntax warning: Unbound global variable in search/probe/sg_band_sweep/sg_g4_orb_driver_v1.g:242
    reflexible := ForAny(A, alpha -> Image(alpha,r) = r^-1 and Image(alpha,s) = s^-1);;
                                                                                ^

=== G4 window (1944,835) ===
  entry gate OK
  |M| = 34992
  |Aut(Ghat)| = 34992
  num_orbits = 1 (sizes: [ 34992 ])
  regularity check (all orbit sizes = |Aut|): true
    orbit 1: size=34992 reflexible=true nu->orbit 1

=== G4 window (1944,901) ===
  entry gate OK
  |M| = 104976
  |Aut(Ghat)| = 104976
  num_orbits = 1 (sizes: [ 104976 ])
  regularity check (all orbit sizes = |Aut|): true
    orbit 1: size=104976 reflexible=true nu->orbit 1

=== G4 window (1944,904) ===
  entry gate OK
  |M| = 34992
  |Aut(Ghat)| = 34992
  num_orbits = 1 (sizes: [ 34992 ])
  regularity check (all orbit sizes = |Aut|): true
    orbit 1: size=34992 reflexible=true nu->orbit 1

=== G4 window (1944,918) ===
  entry gate OK
  |M| = 34992
  |Aut(Ghat)| = 34992
  num_orbits = 1 (sizes: [ 34992 ])
  regularity check (all orbit sizes = |Aut|): true
    orbit 1: size=34992 reflexible=true nu->orbit 1

=== G4 window (1944,921) ===
  entry gate OK
  |M| = 34992
  |Aut(Ghat)| = 17496
  num_orbits = 2 (sizes: [ 17496, 17496 ])
  regularity check (all orbit sizes = |Aut|): true
    orbit 1: size=17496 reflexible=false nu->orbit 2
    orbit 2: size=17496 reflexible=false nu->orbit 1

=== G4 window (1944,3878) ===
  entry gate OK
  |M| = 2592
  |Aut(Ghat)| = 2592
  num_orbits = 1 (sizes: [ 2592 ])
  regularity check (all orbit sizes = |Aut|): true
    orbit 1: size=2592 reflexible=true nu->orbit 1

=== G4 window (1944,3882) ===
  entry gate OK
  |M| = 7776
  |Aut(Ghat)| = 7776
  num_orbits = 1 (sizes: [ 7776 ])
  regularity check (all orbit sizes = |Aut|): true
    orbit 1: size=7776 reflexible=true nu->orbit 1

=== G4 window (1296,674) ===
  entry gate OK
  |M| = 2592
  |Aut(Ghat)| = 2592
  num_orbits = 1 (sizes: [ 2592 ])
  regularity check (all orbit sizes = |Aut|): true
    orbit 1: size=2592 reflexible=true nu->orbit 1

=== G4 window (1296,681) ===
  entry gate OK
  |M| = 7776
  |Aut(Ghat)| = 7776
  num_orbits = 1 (sizes: [ 7776 ])
  regularity check (all orbit sizes = |Aut|): true
    orbit 1: size=7776 reflexible=true nu->orbit 1

=== G4 summary ===
windows processed: 9 / 9
HANDOFF_MISMATCHES: 0

=== G5 classification ===
  (1944,835): K=1 reflexible=1 chiral_pairs=0 involution_ok=true class=isolated_self_mirror_no_twin exotic_pairs=0
  (1944,901): K=1 reflexible=1 chiral_pairs=0 involution_ok=true class=isolated_self_mirror_no_twin exotic_pairs=0
  (1944,904): K=1 reflexible=1 chiral_pairs=0 involution_ok=true class=isolated_self_mirror_no_twin exotic_pairs=0
  (1944,918): K=1 reflexible=1 chiral_pairs=0 involution_ok=true class=isolated_self_mirror_no_twin exotic_pairs=0
  (1944,921): K=2 reflexible=0 chiral_pairs=1 involution_ok=true class=single_mirror_pair_non_exotic exotic_pairs=0
  (1944,3878): K=1 reflexible=1 chiral_pairs=0 involution_ok=true class=isolated_self_mirror_no_twin exotic_pairs=0
  (1944,3882): K=1 reflexible=1 chiral_pairs=0 involution_ok=true class=isolated_self_mirror_no_twin exotic_pairs=0
  (1296,674): K=1 reflexible=1 chiral_pairs=0 involution_ok=true class=isolated_self_mirror_no_twin exotic_pairs=0
  (1296,681): K=1 reflexible=1 chiral_pairs=0 involution_ok=true class=isolated_self_mirror_no_twin exotic_pairs=0

=== G5 alerts (non-standard structure) ===
count: 0
Wrote search/certs/sg_g4_g5_orb_20260806_shard2.json

W6_SG_G4_G5_DONE
