
N=20000 hitCount(type=[1,2,2,9])=511
full tally:
  [ 4, 10 ] : 1238
  [ 1, 2, 4, 7 ] : 720
  [ 2, 3, 4, 5 ] : 256
  [ 1, 1, 4, 8 ] : 543
  [ 7, 7 ] : 473
  [ 2, 4, 4, 4 ] : 35
  [ 1, 1, 1, 2, 4, 5 ] : 189
  [ 2, 12 ] : 1421
  [ 3, 11 ] : 953
  [ 1, 1, 3, 9 ] : 874
  [ 1, 2, 3, 8 ] : 795
  [ 1, 2, 2, 9 ] : 511
  [ 1, 1, 6, 6 ] : 399
  [ 1, 13 ] : 3299
  [ 1, 3, 3, 7 ] : 380
  [ 5, 9 ] : 910
  [ 1, 1, 1, 3, 3, 5 ] : 126
  [ 1, 2, 5, 6 ] : 699
  [ 6, 8 ] : 778
  [ 1, 1, 2, 10 ] : 1203
  [ 1, 1, 1, 2, 3, 6 ] : 288
  [ 2, 3, 3, 6 ] : 67
  [ 2, 2, 5, 5 ] : 87
  [ 1, 1, 2, 2, 3, 5 ] : 229
  [ 1, 1, 5, 7 ] : 515
  [ 1, 1, 1, 2, 2, 7 ] : 169
  [ 1, 3, 4, 6 ] : 596
  [ 1, 1, 1, 11 ] : 572
  [ 2, 2, 3, 7 ] : 71
  [ 1, 1, 1, 1, 2, 8 ] : 101
  [ 2, 2, 2, 8 ] : 61
  [ 1, 1, 2, 3, 3, 4 ] : 219
  [ 1, 4, 4, 5 ] : 220
  [ 1, 1, 2, 2, 2, 6 ] : 82
  [ 1, 1, 1, 1, 4, 6 ] : 96
  [ 1, 1, 1, 3, 4, 4 ] : 84
  [ 1, 1, 1, 2, 2, 2, 2, 3 ] : 15
  [ 1, 1, 1, 1, 5, 5 ] : 21
  [ 1, 1, 1, 1, 1, 9 ] : 20
  [ 1, 1, 1, 1, 1, 2, 3, 4 ] : 35
  [ 1, 3, 5, 5 ] : 240
  [ 3, 3, 4, 4 ] : 76
  [ 1, 2, 2, 2, 3, 4 ] : 51
  [ 2, 2, 4, 6 ] : 69
  [ 1, 2, 2, 2, 2, 5 ] : 29
  [ 1, 1, 1, 1, 3, 7 ] : 77
  [ 1, 1, 1, 1, 2, 2, 3, 3 ] : 19
  [ 1, 1, 2, 2, 4, 4 ] : 40
  [ 1, 1, 3, 3, 3, 3 ] : 25
  [ 1, 1, 1, 1, 1, 1, 4, 4 ] : 5
  [ 1, 1, 1, 1, 2, 2, 2, 4 ] : 12
  [ 2, 2, 2, 2, 3, 3 ] : 3
  [ 2, 2, 2, 2, 2, 4 ] : 1
  [ 1, 1, 2, 2, 2, 2, 2, 2 ] : 3
DONE_DIAG
